src/app/api/auth/session/route.ts(2,10): error TS2300: Duplicate identifier 'NextResponse'.
src/app/api/auth/session/route.ts(12,10): error TS2300: Duplicate identifier 'NextResponse'.
